Windows PowerShell
Copyright (C) 2009 Microsoft Corporation. All rights reserved.

PS C:\Windows\system32> cd\
PS C:\> cd ruby193
PS C:\ruby193> ruby dk.rb init
C:\Ruby193\bin\ruby.exe: No such file or directory -- dk.rb (LoadError)
PS C:\ruby193> cd\
PS C:\> cd rubydevkit
PS C:\rubydevkit> ruby dk.rb init
[INFO] found RubyInstaller v1.9.3 at C:/Ruby193

Initialization complete! Please review and modify the auto-generated
'config.yml' file to ensure it contains the root directories to all
of the installed Rubies you want enhanced by the DevKit.
PS C:\rubydevkit> ruby dk.rb install
[INFO] Updating convenience notice gem override for 'C:/Ruby193'
[INFO] Installing 'C:/Ruby193/lib/ruby/site_ruby/devkit.rb'
PS C:\rubydevkit> gem install bundler
Fetching: bundler-1.6.2.gem (100%)
Successfully installed bundler-1.6.2
1 gem installed
Installing ri documentation for bundler-1.6.2...
Installing RDoc documentation for bundler-1.6.2...
PS C:\rubydevkit> cd\
PS C:\> cd ruby193
PS C:\ruby193> bundle install
Don't run Bundler as root. Bundler can ask for sudo if it is needed, and
installing your bundle as root will break this application for all non-root
users on this machine.
Could not locate Gemfile
PS C:\ruby193> cd "C:\Users\Gabe Ortiz\SkyDrive\Documents\My Repositories\iamgabeortiz.github.io"
PS C:\Users\Gabe Ortiz\SkyDrive\Documents\My Repositories\iamgabeortiz.github.io> bundle install
Don't run Bundler as root. Bundler can ask for sudo if it is needed, and
installing your bundle as root will break this application for all non-root
users on this machine.
Fetching gem metadata from https://rubygems.org/.......
Fetching additional metadata from https://rubygems.org/..
Installing RedCloth 4.2.9
Installing i18n 0.6.9
Installing json 1.8.1
Installing minitest 5.3.3
Installing thread_safe 0.3.3
Installing tzinfo 1.1.0
Installing activesupport 4.1.0
Installing blankslate 2.1.2.4
Installing fast-stemmer 1.0.2
Installing classifier 1.3.4
Installing colorator 0.1
Installing highline 1.6.21
Installing commander 4.1.6
Installing ffi 1.9.3
Installing gemoji 1.5.0
Installing liquid 2.5.5
Installing rb-fsevent 0.9.4
Installing rb-inotify 0.9.4
Installing rb-kqueue 0.2.2
Installing listen 1.3.1
Installing maruku 0.7.0
Installing posix-spawn 0.3.8
Installing yajl-ruby 1.1.0
Installing pygments.rb 0.5.4
Installing redcarpet 2.3.0
Installing safe_yaml 1.0.3
Installing parslet 1.5.0
Installing toml 0.1.1
Installing jekyll 1.5.1
Installing mini_portile 0.5.3
Installing nokogiri 1.6.1
Installing html-pipeline 1.5.0
Installing jekyll-mentions 0.0.6
Installing jekyll-redirect-from 0.3.1
Installing jemoji 0.1.0
Installing kramdown 1.3.1
Installing rdiscount 2.1.7
Installing github-pages 17
Using bundler 1.6.2
Your bundle is complete!
Use `bundle show [gemname]` to see where a bundled gem is installed.
Post-install message from html-pipeline:
-------------------------------------------------
Thank you for installing html-pipeline!
You must bundle Filter gem dependencies.
See html-pipeline README.md for more details.
https://github.com/jch/html-pipeline#dependencies
-------------------------------------------------
PS C:\Users\Gabe Ortiz\SkyDrive\Documents\My Repositories\iamgabeortiz.github.io> gem install github-pages
Successfully installed github-pages-17
1 gem installed
Installing ri documentation for github-pages-17...
Installing RDoc documentation for github-pages-17...
PS C:\Users\Gabe Ortiz\SkyDrive\Documents\My Repositories\iamgabeortiz.github.io> bundle exec jekyll serve
←[31mCould not find gem 'wdm (~> 0.1.0) x86-mingw32' in the gems available on this machine.←[0m
←[33mRun `bundle install` to install missing gems.←[0m
PS C:\Users\Gabe Ortiz\SkyDrive\Documents\My Repositories\iamgabeortiz.github.io> bundle install
Don't run Bundler as root. Bundler can ask for sudo if it is needed, and
installing your bundle as root will break this application for all non-root
users on this machine.
Fetching gem metadata from https://rubygems.org/.........
Fetching additional metadata from https://rubygems.org/..
Resolving dependencies...
Using RedCloth 4.2.9
Using i18n 0.6.9
Using json 1.8.1
Using minitest 5.3.3
Using thread_safe 0.3.3
Using tzinfo 1.1.0
Using activesupport 4.1.0
Using blankslate 2.1.2.4
Using fast-stemmer 1.0.2
Using classifier 1.3.4
Using colorator 0.1
Using highline 1.6.21
Using commander 4.1.6
Using ffi 1.9.3
Using gemoji 1.5.0
Using liquid 2.5.5
Using rb-fsevent 0.9.4
Using rb-inotify 0.9.4
Using rb-kqueue 0.2.2
Using listen 1.3.1
Using maruku 0.7.0
Using posix-spawn 0.3.8
Using yajl-ruby 1.1.0
Using pygments.rb 0.5.4
Using redcarpet 2.3.0
Using safe_yaml 1.0.3
Using parslet 1.5.0
Using toml 0.1.1
Using jekyll 1.5.1
Using mini_portile 0.5.3
Using nokogiri 1.6.1
Using html-pipeline 1.5.0
Using jekyll-mentions 0.0.6
Using jekyll-redirect-from 0.3.1
Using jemoji 0.1.0
Using kramdown 1.3.1
Using rdiscount 2.1.7
Using github-pages 17
Installing wdm 0.1.0
Using bundler 1.6.2
Your bundle is complete!
Use `bundle show [gemname]` to see where a bundled gem is installed.
PS C:\Users\Gabe Ortiz\SkyDrive\Documents\My Repositories\iamgabeortiz.github.io> bundle exec jekyll serve
←[33mConfiguration file: none←[0m
            Source: C:/Users/Gabe Ortiz/SkyDrive/Documents/My Repositories/iamgabeortiz.github.io
       Destination: C:/Users/Gabe Ortiz/SkyDrive/Documents/My Repositories/iamgabeortiz.github.io/_site
      Generating... done.
    Server address: http://0.0.0.0:4000
  Server running... press ctrl-c to stop.
Terminate batch job (Y/N)? y
Terminate batch job (Y/N)? y
PS C:\Users\Gabe Ortiz\SkyDrive\Documents\My Repositories\iamgabeortiz.github.io>